2023-12-23 07:32:03> Program: Starting Squirrel Updater: --install . --exeName=MSTeamsSetup_c_l_.exe --bootstrapperMode
2023-12-23 07:32:03> LogHost: Write failed.
2023-12-23 07:32:03> LogHost: Message: Scenario.Status: success, scenario: cc0af693-f923-4e27-a168-4c8c1ba24331, Scenario.Name: desktop_squirrel_stubinstall, Scenario.Step: start, sequence: 0, appversion: , platformId: 27, DeviceInfo.OsName: Windows, DeviceInfo.CpuArchitecture: x64, DeviceInfo.OsVersion: 10.0.22621.0, AppInfo.ProcessArchitecture: x86, AppInfo.ClientType: desktop, dllSearchPathState: unset, clientType: desktop, source: exe, distSrc: default, breadcrumb: , desktopSession: desktop-4ebdd550-215b-4d6f-bc63-946220c87ac0, installSessionId: ba5e332cab1ef764f59d884b7ad142f38ae088d4dbc35caa123e285b53e36059, delta: 0, scenarioDelta: 0, elapsed: 1703291523109, stepDelta: 0, DeviceInfo.ComputerUuid: 314443353433484a5259594834334435, DeviceInfo.OfficeMachineId: b3a953973b891a40beaadccb00be6e26, InstallerVersion: 3.1.2.0, eventpdclevel: 1, userpdclevel: 0
2023-12-23 07:32:03> LogHost: Stack trace: System.IO.DirectoryNotFoundException: Could not find a part of the path 'C:\Users\HP\AppData\Roaming\Microsoft\Teams\SquirrelTelemetry.log'.
   at System.IO.__Error.WinIOError(Int32 errorCode, String maybeFullPath)
   at System.IO.FileStream.Init(String path, FileMode mode, FileAccess access, Int32 rights, Boolean useRights, FileShare share, Int32 bufferSize, FileOptions options, SECURITY_ATTRIBUTES secAttrs, String msgPath, Boolean bFromProxy, Boolean useLongPath, Boolean checkHost)
   at System.IO.FileStream..ctor(String path, FileMode mode, FileAccess access, FileShare share, Int32 bufferSize, FileOptions options, String msgPath, Boolean bFromProxy, Boolean useLongPath, Boolean checkHost)
   at System.IO.StreamWriter.CreateFile(String path, Boolean append, Boolean checkHost)
   at System.IO.StreamWriter..ctor(String path, Boolean append, Encoding encoding, Int32 bufferSize, Boolean checkHost)
   at System.IO.StreamWriter..ctor(String path, Boolean append)
   at Telemetry.AriaWrapper.LogToFile(String message)
2023-12-23 07:32:03> Program: bootStrapperModeSettings: pdsEndpoint:https://teams.microsoft.com/desktopclient/installer/windows/
2023-12-23 07:32:03> Program: bootStrapperModeSettings: fallbackNextGenAppPayloadUrlX64:https://aka.ms/maglev-x64
2023-12-23 07:32:03> Program: bootStrapperModeSettings: fallbackNextGenAppPayloadUrlX86:https://aka.ms/maglev-x86
2023-12-23 07:32:03> Program: bootStrapperModeSettings: fallbackNextGenAppPayloadUrlARM64:https://aka.ms/maglev-arm64
2023-12-23 07:32:03> Program: bootStrapperModeSettings: getInstallerEndpointUrl:https://teams.live.com/downloads/getinstaller
2023-12-23 07:32:03> RegistryService: TryGetRegKey: HKEY_LOCAL_MACHINE\SOFTWARE\Microsoft\Windows NT\CurrentVersion\CurrentMajorVersionNumber exists. Data - 10
2023-12-23 07:32:03> RegistryService: TryGetRegKey: HKEY_LOCAL_MACHINE\SOFTWARE\Microsoft\Windows NT\CurrentVersion\CurrentMinorVersionNumber exists. Data - 0
2023-12-23 07:32:03> RegistryService: TryGetRegKey: HKEY_LOCAL_MACHINE\SOFTWARE\Microsoft\Windows NT\CurrentVersion\CurrentBuildNumber exists. Data - 22621
2023-12-23 07:32:03> LogHost: Write failed.
2023-12-23 07:32:03> LogHost: Message: DownloadUrlRetry: 0, endpointUrl: https://teams.live.com/downloads/getinstaller?intent=Life&arch=x64&platVersion=10.0.22621, Scenario.Status: success, scenario: cc0af693-f923-4e27-a168-4c8c1ba24331, Scenario.Name: desktop_squirrel_stubinstall, Scenario.Step: download_url_start, sequence: 1, appversion: , platformId: 27, DeviceInfo.OsName: Windows, DeviceInfo.CpuArchitecture: x64, DeviceInfo.OsVersion: 10.0.22621.0, AppInfo.ProcessArchitecture: x86, AppInfo.ClientType: desktop, dllSearchPathState: unset, clientType: desktop, source: exe, distSrc: default, breadcrumb: , desktopSession: desktop-4ebdd550-215b-4d6f-bc63-946220c87ac0, installSessionId: ba5e332cab1ef764f59d884b7ad142f38ae088d4dbc35caa123e285b53e36059, delta: 250, scenarioDelta: 250, elapsed: 1703291523359, stepDelta: 250, DeviceInfo.ComputerUuid: 314443353433484a5259594834334435, DeviceInfo.OfficeMachineId: b3a953973b891a40beaadccb00be6e26, InstallerVersion: 3.1.2.0, eventpdclevel: 1, userpdclevel: 0
2023-12-23 07:32:03> LogHost: Stack trace: System.IO.DirectoryNotFoundException: Could not find a part of the path 'C:\Users\HP\AppData\Roaming\Microsoft\Teams\SquirrelTelemetry.log'.
   at System.IO.__Error.WinIOError(Int32 errorCode, String maybeFullPath)
   at System.IO.FileStream.Init(String path, FileMode mode, FileAccess access, Int32 rights, Boolean useRights, FileShare share, Int32 bufferSize, FileOptions options, SECURITY_ATTRIBUTES secAttrs, String msgPath, Boolean bFromProxy, Boolean useLongPath, Boolean checkHost)
   at System.IO.FileStream..ctor(String path, FileMode mode, FileAccess access, FileShare share, Int32 bufferSize, FileOptions options, String msgPath, Boolean bFromProxy, Boolean useLongPath, Boolean checkHost)
   at System.IO.StreamWriter.CreateFile(String path, Boolean append, Boolean checkHost)
   at System.IO.StreamWriter..ctor(String path, Boolean append, Encoding encoding, Int32 bufferSize, Boolean checkHost)
   at System.IO.StreamWriter..ctor(String path, Boolean append)
   at Telemetry.AriaWrapper.LogToFile(String message)
2023-12-23 07:32:03> FileDownloader: Downloading url: https://teams.live.com/downloads/getinstaller?intent=Life&arch=x64&platVersion=10.0.22621
2023-12-23 07:32:03> LogHost: Write failed.
2023-12-23 07:32:03> LogHost: Message: DownloadUrlRetry: 0, endpointUrl: https://teams.live.com/downloads/getinstaller?intent=Life&arch=x64&platVersion=10.0.22621, sizeInBytes: 144, Scenario.Status: success, scenario: cc0af693-f923-4e27-a168-4c8c1ba24331, Scenario.Name: desktop_squirrel_stubinstall, Scenario.Step: download_url_end, sequence: 2, appversion: , platformId: 27, DeviceInfo.OsName: Windows, DeviceInfo.CpuArchitecture: x64, DeviceInfo.OsVersion: 10.0.22621.0, AppInfo.ProcessArchitecture: x86, AppInfo.ClientType: desktop, dllSearchPathState: unset, clientType: desktop, source: exe, distSrc: default, breadcrumb: , desktopSession: desktop-4ebdd550-215b-4d6f-bc63-946220c87ac0, installSessionId: ba5e332cab1ef764f59d884b7ad142f38ae088d4dbc35caa123e285b53e36059, delta: 604, scenarioDelta: 604, elapsed: 1703291523713, stepDelta: 354, DeviceInfo.ComputerUuid: 314443353433484a5259594834334435, DeviceInfo.OfficeMachineId: b3a953973b891a40beaadccb00be6e26, InstallerVersion: 3.1.2.0, eventpdclevel: 1, userpdclevel: 0
2023-12-23 07:32:03> LogHost: Stack trace: System.IO.DirectoryNotFoundException: Could not find a part of the path 'C:\Users\HP\AppData\Roaming\Microsoft\Teams\SquirrelTelemetry.log'.
   at System.IO.__Error.WinIOError(Int32 errorCode, String maybeFullPath)
   at System.IO.FileStream.Init(String path, FileMode mode, FileAccess access, Int32 rights, Boolean useRights, FileShare share, Int32 bufferSize, FileOptions options, SECURITY_ATTRIBUTES secAttrs, String msgPath, Boolean bFromProxy, Boolean useLongPath, Boolean checkHost)
   at System.IO.FileStream..ctor(String path, FileMode mode, FileAccess access, FileShare share, Int32 bufferSize, FileOptions options, String msgPath, Boolean bFromProxy, Boolean useLongPath, Boolean checkHost)
   at System.IO.StreamWriter.CreateFile(String path, Boolean append, Boolean checkHost)
   at System.IO.StreamWriter..ctor(String path, Boolean append, Encoding encoding, Int32 bufferSize, Boolean checkHost)
   at System.IO.StreamWriter..ctor(String path, Boolean append)
   at Telemetry.AriaWrapper.LogToFile(String message)
2023-12-23 07:32:03> BootstrapperInstallManager: getinstaller endpoint returned installer path https://statics.teams.cdn.office.net/production-windows-x64/23306.3309.2530.1346/MicrosoftTeams-x64.msix
2023-12-23 07:32:03> BootstrapperInstallManager: No decoded deep link is returned from get installer endpoint. Continue install without deep link
2023-12-23 07:32:03> Program: Installing the Teams 2 client
2023-12-23 07:32:06> Program: Detected existing Teams 2 client installation.
2023-12-23 07:32:07> LogHost: Write failed.
2023-12-23 07:32:07> LogHost: Message: intent: Life, arch: x64, platVersion: 10.0.22621, DownloadUrlRetry: 0, IsNextGenLink: True, InstallerUrlFromCloud: https://statics.teams.cdn.office.net/production-windows-x64/23306.3309.2530.1346/MicrosoftTeams-x64.msix, Scenario.Status: success, scenario: cc0af693-f923-4e27-a168-4c8c1ba24331, Scenario.Name: desktop_squirrel_stubinstall, Scenario.Step: stop, sequence: 3, appversion: , platformId: 27, DeviceInfo.OsName: Windows, DeviceInfo.CpuArchitecture: x64, DeviceInfo.OsVersion: 10.0.22621.0, AppInfo.ProcessArchitecture: x86, AppInfo.ClientType: desktop, dllSearchPathState: unset, clientType: desktop, source: exe, distSrc: default, breadcrumb: dud;t2ib;t2is;, desktopSession: desktop-4ebdd550-215b-4d6f-bc63-946220c87ac0, installSessionId: ba5e332cab1ef764f59d884b7ad142f38ae088d4dbc35caa123e285b53e36059, delta: 3960, scenarioDelta: 3960, elapsed: 1703291527069, stepDelta: 3356, DeviceInfo.ComputerUuid: 314443353433484a5259594834334435, DeviceInfo.OfficeMachineId: b3a953973b891a40beaadccb00be6e26, InstallerVersion: 3.1.2.0, eventpdclevel: 1, userpdclevel: 0
2023-12-23 07:32:07> LogHost: Stack trace: System.IO.DirectoryNotFoundException: Could not find a part of the path 'C:\Users\HP\AppData\Roaming\Microsoft\Teams\SquirrelTelemetry.log'.
   at System.IO.__Error.WinIOError(Int32 errorCode, String maybeFullPath)
   at System.IO.FileStream.Init(String path, FileMode mode, FileAccess access, Int32 rights, Boolean useRights, FileShare share, Int32 bufferSize, FileOptions options, SECURITY_ATTRIBUTES secAttrs, String msgPath, Boolean bFromProxy, Boolean useLongPath, Boolean checkHost)
   at System.IO.FileStream..ctor(String path, FileMode mode, FileAccess access, FileShare share, Int32 bufferSize, FileOptions options, String msgPath, Boolean bFromProxy, Boolean useLongPath, Boolean checkHost)
   at System.IO.StreamWriter.CreateFile(String path, Boolean append, Boolean checkHost)
   at System.IO.StreamWriter..ctor(String path, Boolean append, Encoding encoding, Int32 bufferSize, Boolean checkHost)
   at System.IO.StreamWriter..ctor(String path, Boolean append)
   at Telemetry.AriaWrapper.LogToFile(String message)
2025-04-14 20:08:14> Program: Starting Squirrel Updater: --install .
2025-04-14 20:08:14> Program: Starting install, writing to C:\Users\HP\AppData\Local\SquirrelTemp
2025-04-14 20:08:14> Program: About to install to: C:\Users\HP\AppData\Local\GeoGebra_6
2025-04-14 20:08:14> CheckForUpdateImpl: Couldn't write out staging user ID, this user probably shouldn't get beta anything: System.IO.DirectoryNotFoundException: Could not find a part of the path 'C:\Users\HP\AppData\Local\GeoGebra_6\packages\.betaId'.
   at System.IO.__Error.WinIOError(Int32 errorCode, String maybeFullPath)
   at System.IO.FileStream.Init(String path, FileMode mode, FileAccess access, Int32 rights, Boolean useRights, FileShare share, Int32 bufferSize, FileOptions options, SECURITY_ATTRIBUTES secAttrs, String msgPath, Boolean bFromProxy, Boolean useLongPath, Boolean checkHost)
   at System.IO.FileStream..ctor(String path, FileMode mode, FileAccess access, FileShare share, Int32 bufferSize, FileOptions options, String msgPath, Boolean bFromProxy, Boolean useLongPath, Boolean checkHost)
   at System.IO.StreamWriter.CreateFile(String path, Boolean append, Boolean checkHost)
   at System.IO.StreamWriter..ctor(String path, Boolean append, Encoding encoding, Int32 bufferSize, Boolean checkHost)
   at System.IO.File.InternalWriteAllText(String path, String contents, Encoding encoding, Boolean checkHost)
   at System.IO.File.WriteAllText(String path, String contents, Encoding encoding)
   at Squirrel.UpdateManager.CheckForUpdateImpl.getOrCreateStagedUserId()
2025-04-14 20:08:14> CheckForUpdateImpl: Failed to load local releases, starting from scratch: System.IO.DirectoryNotFoundException: Could not find a part of the path 'C:\Users\HP\AppData\Local\GeoGebra_6\packages\RELEASES'.
   at System.IO.__Error.WinIOError(Int32 errorCode, String maybeFullPath)
   at System.IO.FileStream.Init(String path, FileMode mode, FileAccess access, Int32 rights, Boolean useRights, FileShare share, Int32 bufferSize, FileOptions options, SECURITY_ATTRIBUTES secAttrs, String msgPath, Boolean bFromProxy, Boolean useLongPath, Boolean checkHost)
   at System.IO.FileStream..ctor(String path, FileMode mode, FileAccess access, FileShare share)
   at Squirrel.Utility.LoadLocalReleases(String localReleaseFile)
   at Squirrel.UpdateManager.CheckForUpdateImpl.<CheckForUpdate>d__2.MoveNext()
2025-04-14 20:08:14> CheckForUpdateImpl: Reading RELEASES file from C:\Users\HP\AppData\Local\SquirrelTemp
2025-04-14 20:08:14> CheckForUpdateImpl: First run or local directory is corrupt, starting from scratch
2025-04-14 20:08:14> ApplyReleasesImpl: Writing files to app directory: C:\Users\HP\AppData\Local\GeoGebra_6\app-6.0.8812
2025-04-14 20:08:20> ApplyReleasesImpl: Squirrel Enabled Apps: [C:\Users\HP\AppData\Local\GeoGebra_6\app-6.0.8812\GeoGebra.exe]
2025-04-14 20:08:36> ApplyReleasesImpl: Couldn't run Squirrel hook, continuing: C:\Users\HP\AppData\Local\GeoGebra_6\app-6.0.8812\GeoGebra.exe: System.OperationCanceledException: The operation was canceled.
   at System.Threading.CancellationToken.ThrowOperationCanceledException()
   at Squirrel.Utility.<>c__DisplayClass11_0.<InvokeProcessAsync>b__0()
   at System.Threading.Tasks.Task.InnerInvoke()
   at System.Threading.Tasks.Task.Execute()
--- End of stack trace from previous location where exception was thrown ---
   at System.Runtime.CompilerServices.TaskAwaiter.ThrowForNonSuccess(Task task)
   at System.Runtime.CompilerServices.TaskAwaiter.HandleNonSuccessAndDebuggerNotification(Task task)
   at Squirrel.Utility.<InvokeProcessAsync>d__11.MoveNext()
--- End of stack trace from previous location where exception was thrown ---
   at System.Runtime.CompilerServices.TaskAwaiter.ThrowForNonSuccess(Task task)
   at System.Runtime.CompilerServices.TaskAwaiter.HandleNonSuccessAndDebuggerNotification(Task task)
   at Squirrel.UpdateManager.ApplyReleasesImpl.<>c__DisplayClass10_0.<<invokePostInstall>b__0>d.MoveNext()
2025-04-14 20:08:36> ApplyReleasesImpl: Starting fixPinnedExecutables
2025-04-14 20:08:36> ApplyReleasesImpl: Examining Pin: Cốc Cốc.lnk
2025-04-14 20:08:36> ApplyReleasesImpl: Examining Pin: File Explorer.lnk
2025-04-14 20:08:36> ApplyReleasesImpl: Examining Pin: Microsoft Edge.lnk
2025-04-14 20:08:36> ApplyReleasesImpl: Fixing up tray icons
2025-04-14 20:08:36> ApplyReleasesImpl: cleanDeadVersions: for version 6.0.8812
2025-04-14 20:08:36> ApplyReleasesImpl: cleanDeadVersions: exclude folder app-6.0.8812
2025-04-14 20:08:46> Program: Starting Squirrel Updater: --install . --rerunningWithoutUAC
2025-04-14 20:08:46> Program: Starting install, writing to C:\Users\HP\AppData\Local\SquirrelTemp
2025-04-14 20:08:46> Program: About to install to: C:\Users\HP\AppData\Local\GeoGebra_6
2025-04-14 20:08:46> Program: Install path C:\Users\HP\AppData\Local\GeoGebra_6 already exists, burning it to the ground
2025-04-14 20:08:47> CheckForUpdateImpl: Couldn't write out staging user ID, this user probably shouldn't get beta anything: System.IO.DirectoryNotFoundException: Could not find a part of the path 'C:\Users\HP\AppData\Local\GeoGebra_6\packages\.betaId'.
   at System.IO.__Error.WinIOError(Int32 errorCode, String maybeFullPath)
   at System.IO.FileStream.Init(String path, FileMode mode, FileAccess access, Int32 rights, Boolean useRights, FileShare share, Int32 bufferSize, FileOptions options, SECURITY_ATTRIBUTES secAttrs, String msgPath, Boolean bFromProxy, Boolean useLongPath, Boolean checkHost)
   at System.IO.FileStream..ctor(String path, FileMode mode, FileAccess access, FileShare share, Int32 bufferSize, FileOptions options, String msgPath, Boolean bFromProxy, Boolean useLongPath, Boolean checkHost)
   at System.IO.StreamWriter.CreateFile(String path, Boolean append, Boolean checkHost)
   at System.IO.StreamWriter..ctor(String path, Boolean append, Encoding encoding, Int32 bufferSize, Boolean checkHost)
   at System.IO.File.InternalWriteAllText(String path, String contents, Encoding encoding, Boolean checkHost)
   at System.IO.File.WriteAllText(String path, String contents, Encoding encoding)
   at Squirrel.UpdateManager.CheckForUpdateImpl.getOrCreateStagedUserId()
2025-04-14 20:08:47> CheckForUpdateImpl: Failed to load local releases, starting from scratch: System.IO.DirectoryNotFoundException: Could not find a part of the path 'C:\Users\HP\AppData\Local\GeoGebra_6\packages\RELEASES'.
   at System.IO.__Error.WinIOError(Int32 errorCode, String maybeFullPath)
   at System.IO.FileStream.Init(String path, FileMode mode, FileAccess access, Int32 rights, Boolean useRights, FileShare share, Int32 bufferSize, FileOptions options, SECURITY_ATTRIBUTES secAttrs, String msgPath, Boolean bFromProxy, Boolean useLongPath, Boolean checkHost)
   at System.IO.FileStream..ctor(String path, FileMode mode, FileAccess access, FileShare share)
   at Squirrel.Utility.LoadLocalReleases(String localReleaseFile)
   at Squirrel.UpdateManager.CheckForUpdateImpl.<CheckForUpdate>d__2.MoveNext()
2025-04-14 20:08:47> CheckForUpdateImpl: Reading RELEASES file from C:\Users\HP\AppData\Local\SquirrelTemp
2025-04-14 20:08:47> CheckForUpdateImpl: First run or local directory is corrupt, starting from scratch
2025-04-14 20:08:47> ApplyReleasesImpl: Writing files to app directory: C:\Users\HP\AppData\Local\GeoGebra_6\app-6.0.8812
2025-04-14 20:08:50> ApplyReleasesImpl: Squirrel Enabled Apps: [C:\Users\HP\AppData\Local\GeoGebra_6\app-6.0.8812\GeoGebra.exe]
2025-04-14 20:09:06> ApplyReleasesImpl: Couldn't run Squirrel hook, continuing: C:\Users\HP\AppData\Local\GeoGebra_6\app-6.0.8812\GeoGebra.exe: System.OperationCanceledException: The operation was canceled.
   at System.Threading.CancellationToken.ThrowOperationCanceledException()
   at Squirrel.Utility.<>c__DisplayClass11_0.<InvokeProcessAsync>b__0()
   at System.Threading.Tasks.Task.InnerInvoke()
   at System.Threading.Tasks.Task.Execute()
--- End of stack trace from previous location where exception was thrown ---
   at System.Runtime.CompilerServices.TaskAwaiter.ThrowForNonSuccess(Task task)
   at System.Runtime.CompilerServices.TaskAwaiter.HandleNonSuccessAndDebuggerNotification(Task task)
   at Squirrel.Utility.<InvokeProcessAsync>d__11.MoveNext()
--- End of stack trace from previous location where exception was thrown ---
   at System.Runtime.CompilerServices.TaskAwaiter.ThrowForNonSuccess(Task task)
   at System.Runtime.CompilerServices.TaskAwaiter.HandleNonSuccessAndDebuggerNotification(Task task)
   at Squirrel.UpdateManager.ApplyReleasesImpl.<>c__DisplayClass10_0.<<invokePostInstall>b__0>d.MoveNext()
2025-04-14 20:09:06> ApplyReleasesImpl: Starting fixPinnedExecutables
2025-04-14 20:09:06> ApplyReleasesImpl: Examining Pin: Cốc Cốc.lnk
2025-04-14 20:09:06> ApplyReleasesImpl: Examining Pin: File Explorer.lnk
2025-04-14 20:09:06> ApplyReleasesImpl: Examining Pin: Microsoft Edge.lnk
2025-04-14 20:09:06> ApplyReleasesImpl: Fixing up tray icons
2025-04-14 20:09:06> ApplyReleasesImpl: cleanDeadVersions: for version 6.0.8812
2025-04-14 20:09:06> ApplyReleasesImpl: cleanDeadVersions: exclude folder app-6.0.8812
